// Jest Snapshot v1, https://goo.gl/fbAQLP

exports[`<TimelineTable /> should match snapshot 1`] = `
<div
  className="timeline"
>
  <h2>
    Timeline
  </h2>
  <div
    className="timeline-container"
  >
    <div
      className="timeline__peoples"
    >
      <PeopleLabel
        key="John"
        name="John"
      />
      <PeopleLabel
        key="Dan"
        name="Dan"
      />
    </div>
    <div
      className="timeline__time-table"
    >
      <div
        className="timeline__hour-block"
        data-hour="00:00"
        key="00:00"
      >
        <HourLabel>
          00:00
        </HourLabel>
        <div
          className="timeline__used-block"
          data-hour="00:00"
          key="00:00"
        >
          <PeopleTimeBlock
            area=""
            hasOther={false}
            key="John-00:00"
            name="John"
            onRemove={[Function]}
            time="00:00"
          />
          <PeopleTimeBlock
            area=""
            hasOther={false}
            key="Dan-00:00"
            name="Dan"
            onRemove={[Function]}
            time="00:00"
          />
        </div>
      </div>
      <div
        className="timeline__hour-block"
        data-hour="00:30"
        key="00:30"
      >
        <HourLabel>
          00:30
        </HourLabel>
        <div
          className="timeline__used-block"
          data-hour="00:30"
          key="00:30"
        >
          <PeopleTimeBlock
            area=""
            hasOther={false}
            key="John-00:30"
            name="John"
            onRemove={[Function]}
            time="00:30"
          />
          <PeopleTimeBlock
            area=""
            hasOther={false}
            key="Dan-00:30"
            name="Dan"
            onRemove={[Function]}
            time="00:30"
          />
        </div>
      </div>
      <div
        className="timeline__hour-block"
        data-hour="01:00"
        key="01:00"
      >
        <HourLabel>
          01:00
        </HourLabel>
        <div
          className="timeline__used-block"
          data-hour="01:00"
          key="01:00"
        >
          <PeopleTimeBlock
            area=""
            hasOther={false}
            key="John-01:00"
            name="John"
            onRemove={[Function]}
            time="01:00"
          />
          <PeopleTimeBlock
            area=""
            hasOther={false}
            key="Dan-01:00"
            name="Dan"
            onRemove={[Function]}
            time="01:00"
          />
        </div>
      </div>
      <div
        className="timeline__hour-block"
        data-hour="01:30"
        key="01:30"
      >
        <HourLabel>
          01:30
        </HourLabel>
        <div
          className="timeline__used-block"
          data-hour="01:30"
          key="01:30"
        >
          <PeopleTimeBlock
            area=""
            hasOther={false}
            key="John-01:30"
            name="John"
            onRemove={[Function]}
            time="01:30"
          />
          <PeopleTimeBlock
            area=""
            hasOther={false}
            key="Dan-01:30"
            name="Dan"
            onRemove={[Function]}
            time="01:30"
          />
        </div>
      </div>
      <div
        className="timeline__hour-block"
        data-hour="02:00"
        key="02:00"
      >
        <HourLabel>
          02:00
        </HourLabel>
        <div
          className="timeline__used-block"
          data-hour="02:00"
          key="02:00"
        >
          <PeopleTimeBlock
            area=""
            hasOther={false}
            key="John-02:00"
            name="John"
            onRemove={[Function]}
            time="02:00"
          />
          <PeopleTimeBlock
            area=""
            hasOther={false}
            key="Dan-02:00"
            name="Dan"
            onRemove={[Function]}
            time="02:00"
          />
        </div>
      </div>
      <div
        className="timeline__hour-block"
        data-hour="02:30"
        key="02:30"
      >
        <HourLabel>
          02:30
        </HourLabel>
        <div
          className="timeline__used-block"
          data-hour="02:30"
          key="02:30"
        >
          <PeopleTimeBlock
            area=""
            hasOther={false}
            key="John-02:30"
            name="John"
            onRemove={[Function]}
            time="02:30"
          />
          <PeopleTimeBlock
            area=""
            hasOther={false}
            key="Dan-02:30"
            name="Dan"
            onRemove={[Function]}
            time="02:30"
          />
        </div>
      </div>
      <div
        className="timeline__hour-block"
        data-hour="03:00"
        key="03:00"
      >
        <HourLabel>
          03:00
        </HourLabel>
        <div
          className="timeline__used-block"
          data-hour="03:00"
          key="03:00"
        >
          <PeopleTimeBlock
            area=""
            hasOther={false}
            key="John-03:00"
            name="John"
            onRemove={[Function]}
            time="03:00"
          />
          <PeopleTimeBlock
            area=""
            hasOther={false}
            key="Dan-03:00"
            name="Dan"
            onRemove={[Function]}
            time="03:00"
          />
        </div>
      </div>
      <div
        className="timeline__hour-block"
        data-hour="03:30"
        key="03:30"
      >
        <HourLabel>
          03:30
        </HourLabel>
        <div
          className="timeline__used-block"
          data-hour="03:30"
          key="03:30"
        >
          <PeopleTimeBlock
            area=""
            hasOther={false}
            key="John-03:30"
            name="John"
            onRemove={[Function]}
            time="03:30"
          />
          <PeopleTimeBlock
            area=""
            hasOther={false}
            key="Dan-03:30"
            name="Dan"
            onRemove={[Function]}
            time="03:30"
          />
        </div>
      </div>
      <div
        className="timeline__hour-block"
        data-hour="04:00"
        key="04:00"
      >
        <HourLabel>
          04:00
        </HourLabel>
        <div
          className="timeline__used-block"
          data-hour="04:00"
          key="04:00"
        >
          <PeopleTimeBlock
            area=""
            hasOther={false}
            key="John-04:00"
            name="John"
            onRemove={[Function]}
            time="04:00"
          />
          <PeopleTimeBlock
            area=""
            hasOther={false}
            key="Dan-04:00"
            name="Dan"
            onRemove={[Function]}
            time="04:00"
          />
        </div>
      </div>
      <div
        className="timeline__hour-block"
        data-hour="04:30"
        key="04:30"
      >
        <HourLabel>
          04:30
        </HourLabel>
        <div
          className="timeline__used-block"
          data-hour="04:30"
          key="04:30"
        >
          <PeopleTimeBlock
            area=""
            hasOther={false}
            key="John-04:30"
            name="John"
            onRemove={[Function]}
            time="04:30"
          />
          <PeopleTimeBlock
            area=""
            hasOther={false}
            key="Dan-04:30"
            name="Dan"
            onRemove={[Function]}
            time="04:30"
          />
        </div>
      </div>
      <div
        className="timeline__hour-block"
        data-hour="05:00"
        key="05:00"
      >
        <HourLabel>
          05:00
        </HourLabel>
        <div
          className="timeline__used-block"
          data-hour="05:00"
          key="05:00"
        >
          <PeopleTimeBlock
            area=""
            hasOther={false}
            key="John-05:00"
            name="John"
            onRemove={[Function]}
            time="05:00"
          />
          <PeopleTimeBlock
            area=""
            hasOther={false}
            key="Dan-05:00"
            name="Dan"
            onRemove={[Function]}
            time="05:00"
          />
        </div>
      </div>
      <div
        className="timeline__hour-block"
        data-hour="05:30"
        key="05:30"
      >
        <HourLabel>
          05:30
        </HourLabel>
        <div
          className="timeline__used-block"
          data-hour="05:30"
          key="05:30"
        >
          <PeopleTimeBlock
            area=""
            hasOther={false}
            key="John-05:30"
            name="John"
            onRemove={[Function]}
            time="05:30"
          />
          <PeopleTimeBlock
            area=""
            hasOther={false}
            key="Dan-05:30"
            name="Dan"
            onRemove={[Function]}
            time="05:30"
          />
        </div>
      </div>
      <div
        className="timeline__hour-block"
        data-hour="06:00"
        key="06:00"
      >
        <HourLabel>
          06:00
        </HourLabel>
        <div
          className="timeline__used-block"
          data-hour="06:00"
          key="06:00"
        >
          <PeopleTimeBlock
            area="Bed Room"
            hasOther={false}
            key="John-06:00"
            name="John"
            onRemove={[Function]}
            time="06:00"
          />
          <PeopleTimeBlock
            area=""
            hasOther={false}
            key="Dan-06:00"
            name="Dan"
            onRemove={[Function]}
            time="06:00"
          />
        </div>
      </div>
      <div
        className="timeline__hour-block"
        data-hour="06:30"
        key="06:30"
      >
        <HourLabel>
          06:30
        </HourLabel>
        <div
          className="timeline__used-block"
          data-hour="06:30"
          key="06:30"
        >
          <PeopleTimeBlock
            area="Bed Room"
            hasOther={false}
            key="John-06:30"
            name="John"
            onRemove={[Function]}
            time="06:30"
          />
          <PeopleTimeBlock
            area=""
            hasOther={false}
            key="Dan-06:30"
            name="Dan"
            onRemove={[Function]}
            time="06:30"
          />
        </div>
      </div>
      <div
        className="timeline__hour-block"
        data-hour="07:00"
        key="07:00"
      >
        <HourLabel>
          07:00
        </HourLabel>
        <div
          className="timeline__used-block"
          data-hour="07:00"
          key="07:00"
        >
          <PeopleTimeBlock
            area=""
            hasOther={false}
            key="John-07:00"
            name="John"
            onRemove={[Function]}
            time="07:00"
          />
          <PeopleTimeBlock
            area=""
            hasOther={false}
            key="Dan-07:00"
            name="Dan"
            onRemove={[Function]}
            time="07:00"
          />
        </div>
      </div>
      <div
        className="timeline__hour-block"
        data-hour="07:30"
        key="07:30"
      >
        <HourLabel>
          07:30
        </HourLabel>
        <div
          className="timeline__used-block"
          data-hour="07:30"
          key="07:30"
        >
          <PeopleTimeBlock
            area=""
            hasOther={false}
            key="John-07:30"
            name="John"
            onRemove={[Function]}
            time="07:30"
          />
          <PeopleTimeBlock
            area=""
            hasOther={false}
            key="Dan-07:30"
            name="Dan"
            onRemove={[Function]}
            time="07:30"
          />
        </div>
      </div>
      <div
        className="timeline__hour-block"
        data-hour="08:00"
        key="08:00"
      >
        <HourLabel>
          08:00
        </HourLabel>
        <div
          className="timeline__used-block"
          data-hour="08:00"
          key="08:00"
        >
          <PeopleTimeBlock
            area=""
            hasOther={false}
            key="John-08:00"
            name="John"
            onRemove={[Function]}
            time="08:00"
          />
          <PeopleTimeBlock
            area=""
            hasOther={false}
            key="Dan-08:00"
            name="Dan"
            onRemove={[Function]}
            time="08:00"
          />
        </div>
      </div>
      <div
        className="timeline__hour-block"
        data-hour="08:30"
        key="08:30"
      >
        <HourLabel>
          08:30
        </HourLabel>
        <div
          className="timeline__used-block"
          data-hour="08:30"
          key="08:30"
        >
          <PeopleTimeBlock
            area=""
            hasOther={false}
            key="John-08:30"
            name="John"
            onRemove={[Function]}
            time="08:30"
          />
          <PeopleTimeBlock
            area=""
            hasOther={false}
            key="Dan-08:30"
            name="Dan"
            onRemove={[Function]}
            time="08:30"
          />
        </div>
      </div>
      <div
        className="timeline__hour-block"
        data-hour="09:00"
        key="09:00"
      >
        <HourLabel>
          09:00
        </HourLabel>
        <div
          className="timeline__used-block"
          data-hour="09:00"
          key="09:00"
        >
          <PeopleTimeBlock
            area=""
            hasOther={false}
            key="John-09:00"
            name="John"
            onRemove={[Function]}
            time="09:00"
          />
          <PeopleTimeBlock
            area=""
            hasOther={false}
            key="Dan-09:00"
            name="Dan"
            onRemove={[Function]}
            time="09:00"
          />
        </div>
      </div>
      <div
        className="timeline__hour-block"
        data-hour="09:30"
        key="09:30"
      >
        <HourLabel>
          09:30
        </HourLabel>
        <div
          className="timeline__used-block"
          data-hour="09:30"
          key="09:30"
        >
          <PeopleTimeBlock
            area=""
            hasOther={false}
            key="John-09:30"
            name="John"
            onRemove={[Function]}
            time="09:30"
          />
          <PeopleTimeBlock
            area=""
            hasOther={false}
            key="Dan-09:30"
            name="Dan"
            onRemove={[Function]}
            time="09:30"
          />
        </div>
      </div>
      <div
        className="timeline__hour-block"
        data-hour="10:00"
        key="10:00"
      >
        <HourLabel>
          10:00
        </HourLabel>
        <div
          className="timeline__used-block"
          data-hour="10:00"
          key="10:00"
        >
          <PeopleTimeBlock
            area=""
            hasOther={false}
            key="John-10:00"
            name="John"
            onRemove={[Function]}
            time="10:00"
          />
          <PeopleTimeBlock
            area=""
            hasOther={false}
            key="Dan-10:00"
            name="Dan"
            onRemove={[Function]}
            time="10:00"
          />
        </div>
      </div>
      <div
        className="timeline__hour-block"
        data-hour="10:30"
        key="10:30"
      >
        <HourLabel>
          10:30
        </HourLabel>
        <div
          className="timeline__used-block"
          data-hour="10:30"
          key="10:30"
        >
          <PeopleTimeBlock
            area=""
            hasOther={false}
            key="John-10:30"
            name="John"
            onRemove={[Function]}
            time="10:30"
          />
          <PeopleTimeBlock
            area=""
            hasOther={false}
            key="Dan-10:30"
            name="Dan"
            onRemove={[Function]}
            time="10:30"
          />
        </div>
      </div>
      <div
        className="timeline__hour-block"
        data-hour="11:00"
        key="11:00"
      >
        <HourLabel>
          11:00
        </HourLabel>
        <div
          className="timeline__used-block"
          data-hour="11:00"
          key="11:00"
        >
          <PeopleTimeBlock
            area=""
            hasOther={false}
            key="John-11:00"
            name="John"
            onRemove={[Function]}
            time="11:00"
          />
          <PeopleTimeBlock
            area=""
            hasOther={false}
            key="Dan-11:00"
            name="Dan"
            onRemove={[Function]}
            time="11:00"
          />
        </div>
      </div>
      <div
        className="timeline__hour-block"
        data-hour="11:30"
        key="11:30"
      >
        <HourLabel>
          11:30
        </HourLabel>
        <div
          className="timeline__used-block"
          data-hour="11:30"
          key="11:30"
        >
          <PeopleTimeBlock
            area=""
            hasOther={false}
            key="John-11:30"
            name="John"
            onRemove={[Function]}
            time="11:30"
          />
          <PeopleTimeBlock
            area=""
            hasOther={false}
            key="Dan-11:30"
            name="Dan"
            onRemove={[Function]}
            time="11:30"
          />
        </div>
      </div>
      <div
        className="timeline__hour-block"
        data-hour="12:00"
        key="12:00"
      >
        <HourLabel>
          12:00
        </HourLabel>
        <div
          className="timeline__used-block"
          data-hour="12:00"
          key="12:00"
        >
          <PeopleTimeBlock
            area=""
            hasOther={false}
            key="John-12:00"
            name="John"
            onRemove={[Function]}
            time="12:00"
          />
          <PeopleTimeBlock
            area=""
            hasOther={false}
            key="Dan-12:00"
            name="Dan"
            onRemove={[Function]}
            time="12:00"
          />
        </div>
      </div>
      <div
        className="timeline__hour-block"
        data-hour="12:30"
        key="12:30"
      >
        <HourLabel>
          12:30
        </HourLabel>
        <div
          className="timeline__used-block"
          data-hour="12:30"
          key="12:30"
        >
          <PeopleTimeBlock
            area=""
            hasOther={false}
            key="John-12:30"
            name="John"
            onRemove={[Function]}
            time="12:30"
          />
          <PeopleTimeBlock
            area=""
            hasOther={false}
            key="Dan-12:30"
            name="Dan"
            onRemove={[Function]}
            time="12:30"
          />
        </div>
      </div>
      <div
        className="timeline__hour-block"
        data-hour="13:00"
        key="13:00"
      >
        <HourLabel>
          13:00
        </HourLabel>
        <div
          className="timeline__used-block"
          data-hour="13:00"
          key="13:00"
        >
          <PeopleTimeBlock
            area=""
            hasOther={false}
            key="John-13:00"
            name="John"
            onRemove={[Function]}
            time="13:00"
          />
          <PeopleTimeBlock
            area=""
            hasOther={false}
            key="Dan-13:00"
            name="Dan"
            onRemove={[Function]}
            time="13:00"
          />
        </div>
      </div>
      <div
        className="timeline__hour-block"
        data-hour="13:30"
        key="13:30"
      >
        <HourLabel>
          13:30
        </HourLabel>
        <div
          className="timeline__used-block"
          data-hour="13:30"
          key="13:30"
        >
          <PeopleTimeBlock
            area=""
            hasOther={false}
            key="John-13:30"
            name="John"
            onRemove={[Function]}
            time="13:30"
          />
          <PeopleTimeBlock
            area=""
            hasOther={false}
            key="Dan-13:30"
            name="Dan"
            onRemove={[Function]}
            time="13:30"
          />
        </div>
      </div>
      <div
        className="timeline__hour-block"
        data-hour="14:00"
        key="14:00"
      >
        <HourLabel>
          14:00
        </HourLabel>
        <div
          className="timeline__used-block"
          data-hour="14:00"
          key="14:00"
        >
          <PeopleTimeBlock
            area=""
            hasOther={false}
            key="John-14:00"
            name="John"
            onRemove={[Function]}
            time="14:00"
          />
          <PeopleTimeBlock
            area=""
            hasOther={false}
            key="Dan-14:00"
            name="Dan"
            onRemove={[Function]}
            time="14:00"
          />
        </div>
      </div>
      <div
        className="timeline__hour-block"
        data-hour="14:30"
        key="14:30"
      >
        <HourLabel>
          14:30
        </HourLabel>
        <div
          className="timeline__used-block"
          data-hour="14:30"
          key="14:30"
        >
          <PeopleTimeBlock
            area=""
            hasOther={false}
            key="John-14:30"
            name="John"
            onRemove={[Function]}
            time="14:30"
          />
          <PeopleTimeBlock
            area=""
            hasOther={false}
            key="Dan-14:30"
            name="Dan"
            onRemove={[Function]}
            time="14:30"
          />
        </div>
      </div>
      <div
        className="timeline__hour-block"
        data-hour="15:00"
        key="15:00"
      >
        <HourLabel>
          15:00
        </HourLabel>
        <div
          className="timeline__used-block"
          data-hour="15:00"
          key="15:00"
        >
          <PeopleTimeBlock
            area=""
            hasOther={false}
            key="John-15:00"
            name="John"
            onRemove={[Function]}
            time="15:00"
          />
          <PeopleTimeBlock
            area=""
            hasOther={false}
            key="Dan-15:00"
            name="Dan"
            onRemove={[Function]}
            time="15:00"
          />
        </div>
      </div>
      <div
        className="timeline__hour-block"
        data-hour="15:30"
        key="15:30"
      >
        <HourLabel>
          15:30
        </HourLabel>
        <div
          className="timeline__used-block"
          data-hour="15:30"
          key="15:30"
        >
          <PeopleTimeBlock
            area=""
            hasOther={false}
            key="John-15:30"
            name="John"
            onRemove={[Function]}
            time="15:30"
          />
          <PeopleTimeBlock
            area=""
            hasOther={false}
            key="Dan-15:30"
            name="Dan"
            onRemove={[Function]}
            time="15:30"
          />
        </div>
      </div>
      <div
        className="timeline__hour-block"
        data-hour="16:00"
        key="16:00"
      >
        <HourLabel>
          16:00
        </HourLabel>
        <div
          className="timeline__used-block"
          data-hour="16:00"
          key="16:00"
        >
          <PeopleTimeBlock
            area=""
            hasOther={false}
            key="John-16:00"
            name="John"
            onRemove={[Function]}
            time="16:00"
          />
          <PeopleTimeBlock
            area=""
            hasOther={false}
            key="Dan-16:00"
            name="Dan"
            onRemove={[Function]}
            time="16:00"
          />
        </div>
      </div>
      <div
        className="timeline__hour-block"
        data-hour="16:30"
        key="16:30"
      >
        <HourLabel>
          16:30
        </HourLabel>
        <div
          className="timeline__used-block"
          data-hour="16:30"
          key="16:30"
        >
          <PeopleTimeBlock
            area=""
            hasOther={false}
            key="John-16:30"
            name="John"
            onRemove={[Function]}
            time="16:30"
          />
          <PeopleTimeBlock
            area=""
            hasOther={false}
            key="Dan-16:30"
            name="Dan"
            onRemove={[Function]}
            time="16:30"
          />
        </div>
      </div>
      <div
        className="timeline__hour-block"
        data-hour="17:00"
        key="17:00"
      >
        <HourLabel>
          17:00
        </HourLabel>
        <div
          className="timeline__used-block"
          data-hour="17:00"
          key="17:00"
        >
          <PeopleTimeBlock
            area=""
            hasOther={false}
            key="John-17:00"
            name="John"
            onRemove={[Function]}
            time="17:00"
          />
          <PeopleTimeBlock
            area=""
            hasOther={false}
            key="Dan-17:00"
            name="Dan"
            onRemove={[Function]}
            time="17:00"
          />
        </div>
      </div>
      <div
        className="timeline__hour-block"
        data-hour="17:30"
        key="17:30"
      >
        <HourLabel>
          17:30
        </HourLabel>
        <div
          className="timeline__used-block"
          data-hour="17:30"
          key="17:30"
        >
          <PeopleTimeBlock
            area=""
            hasOther={false}
            key="John-17:30"
            name="John"
            onRemove={[Function]}
            time="17:30"
          />
          <PeopleTimeBlock
            area=""
            hasOther={false}
            key="Dan-17:30"
            name="Dan"
            onRemove={[Function]}
            time="17:30"
          />
        </div>
      </div>
      <div
        className="timeline__hour-block"
        data-hour="18:00"
        key="18:00"
      >
        <HourLabel>
          18:00
        </HourLabel>
        <div
          className="timeline__used-block"
          data-hour="18:00"
          key="18:00"
        >
          <PeopleTimeBlock
            area=""
            hasOther={false}
            key="John-18:00"
            name="John"
            onRemove={[Function]}
            time="18:00"
          />
          <PeopleTimeBlock
            area=""
            hasOther={false}
            key="Dan-18:00"
            name="Dan"
            onRemove={[Function]}
            time="18:00"
          />
        </div>
      </div>
      <div
        className="timeline__hour-block"
        data-hour="18:30"
        key="18:30"
      >
        <HourLabel>
          18:30
        </HourLabel>
        <div
          className="timeline__used-block"
          data-hour="18:30"
          key="18:30"
        >
          <PeopleTimeBlock
            area=""
            hasOther={false}
            key="John-18:30"
            name="John"
            onRemove={[Function]}
            time="18:30"
          />
          <PeopleTimeBlock
            area=""
            hasOther={false}
            key="Dan-18:30"
            name="Dan"
            onRemove={[Function]}
            time="18:30"
          />
        </div>
      </div>
      <div
        className="timeline__hour-block"
        data-hour="19:00"
        key="19:00"
      >
        <HourLabel>
          19:00
        </HourLabel>
        <div
          className="timeline__used-block"
          data-hour="19:00"
          key="19:00"
        >
          <PeopleTimeBlock
            area=""
            hasOther={false}
            key="John-19:00"
            name="John"
            onRemove={[Function]}
            time="19:00"
          />
          <PeopleTimeBlock
            area=""
            hasOther={false}
            key="Dan-19:00"
            name="Dan"
            onRemove={[Function]}
            time="19:00"
          />
        </div>
      </div>
      <div
        className="timeline__hour-block"
        data-hour="19:30"
        key="19:30"
      >
        <HourLabel>
          19:30
        </HourLabel>
        <div
          className="timeline__used-block"
          data-hour="19:30"
          key="19:30"
        >
          <PeopleTimeBlock
            area=""
            hasOther={false}
            key="John-19:30"
            name="John"
            onRemove={[Function]}
            time="19:30"
          />
          <PeopleTimeBlock
            area=""
            hasOther={false}
            key="Dan-19:30"
            name="Dan"
            onRemove={[Function]}
            time="19:30"
          />
        </div>
      </div>
      <div
        className="timeline__hour-block"
        data-hour="20:00"
        key="20:00"
      >
        <HourLabel>
          20:00
        </HourLabel>
        <div
          className="timeline__used-block"
          data-hour="20:00"
          key="20:00"
        >
          <PeopleTimeBlock
            area=""
            hasOther={false}
            key="John-20:00"
            name="John"
            onRemove={[Function]}
            time="20:00"
          />
          <PeopleTimeBlock
            area=""
            hasOther={false}
            key="Dan-20:00"
            name="Dan"
            onRemove={[Function]}
            time="20:00"
          />
        </div>
      </div>
      <div
        className="timeline__hour-block"
        data-hour="20:30"
        key="20:30"
      >
        <HourLabel>
          20:30
        </HourLabel>
        <div
          className="timeline__used-block"
          data-hour="20:30"
          key="20:30"
        >
          <PeopleTimeBlock
            area=""
            hasOther={false}
            key="John-20:30"
            name="John"
            onRemove={[Function]}
            time="20:30"
          />
          <PeopleTimeBlock
            area=""
            hasOther={false}
            key="Dan-20:30"
            name="Dan"
            onRemove={[Function]}
            time="20:30"
          />
        </div>
      </div>
      <div
        className="timeline__hour-block"
        data-hour="21:00"
        key="21:00"
      >
        <HourLabel>
          21:00
        </HourLabel>
        <div
          className="timeline__used-block"
          data-hour="21:00"
          key="21:00"
        >
          <PeopleTimeBlock
            area=""
            hasOther={false}
            key="John-21:00"
            name="John"
            onRemove={[Function]}
            time="21:00"
          />
          <PeopleTimeBlock
            area=""
            hasOther={false}
            key="Dan-21:00"
            name="Dan"
            onRemove={[Function]}
            time="21:00"
          />
        </div>
      </div>
      <div
        className="timeline__hour-block"
        data-hour="21:30"
        key="21:30"
      >
        <HourLabel>
          21:30
        </HourLabel>
        <div
          className="timeline__used-block"
          data-hour="21:30"
          key="21:30"
        >
          <PeopleTimeBlock
            area=""
            hasOther={false}
            key="John-21:30"
            name="John"
            onRemove={[Function]}
            time="21:30"
          />
          <PeopleTimeBlock
            area=""
            hasOther={false}
            key="Dan-21:30"
            name="Dan"
            onRemove={[Function]}
            time="21:30"
          />
        </div>
      </div>
      <div
        className="timeline__hour-block"
        data-hour="22:00"
        key="22:00"
      >
        <HourLabel>
          22:00
        </HourLabel>
        <div
          className="timeline__used-block"
          data-hour="22:00"
          key="22:00"
        >
          <PeopleTimeBlock
            area=""
            hasOther={false}
            key="John-22:00"
            name="John"
            onRemove={[Function]}
            time="22:00"
          />
          <PeopleTimeBlock
            area=""
            hasOther={false}
            key="Dan-22:00"
            name="Dan"
            onRemove={[Function]}
            time="22:00"
          />
        </div>
      </div>
      <div
        className="timeline__hour-block"
        data-hour="22:30"
        key="22:30"
      >
        <HourLabel>
          22:30
        </HourLabel>
        <div
          className="timeline__used-block"
          data-hour="22:30"
          key="22:30"
        >
          <PeopleTimeBlock
            area=""
            hasOther={false}
            key="John-22:30"
            name="John"
            onRemove={[Function]}
            time="22:30"
          />
          <PeopleTimeBlock
            area=""
            hasOther={false}
            key="Dan-22:30"
            name="Dan"
            onRemove={[Function]}
            time="22:30"
          />
        </div>
      </div>
      <div
        className="timeline__hour-block"
        data-hour="23:00"
        key="23:00"
      >
        <HourLabel>
          23:00
        </HourLabel>
        <div
          className="timeline__used-block"
          data-hour="23:00"
          key="23:00"
        >
          <PeopleTimeBlock
            area=""
            hasOther={false}
            key="John-23:00"
            name="John"
            onRemove={[Function]}
            time="23:00"
          />
          <PeopleTimeBlock
            area=""
            hasOther={false}
            key="Dan-23:00"
            name="Dan"
            onRemove={[Function]}
            time="23:00"
          />
        </div>
      </div>
      <div
        className="timeline__hour-block"
        data-hour="23:30"
        key="23:30"
      >
        <HourLabel>
          23:30
        </HourLabel>
        <div
          className="timeline__used-block"
          data-hour="23:30"
          key="23:30"
        >
          <PeopleTimeBlock
            area=""
            hasOther={false}
            key="John-23:30"
            name="John"
            onRemove={[Function]}
            time="23:30"
          />
          <PeopleTimeBlock
            area=""
            hasOther={false}
            key="Dan-23:30"
            name="Dan"
            onRemove={[Function]}
            time="23:30"
          />
        </div>
      </div>
    </div>
  </div>
  <div
    className="timeline__area-legends"
  >
    <AreaLagend
      key="Bed Room"
      name="Bed Room"
    />
    <AreaLagend
      key="Toilet"
      name="Toilet"
    />
  </div>
</div>
`;
